Microchip MPLAB XC8 Compiler V2.46

Linker command line:

-W-3 \
  --edf=C:\Program Files\Microchip\xc8\v2.46\pic\dat\20240104201356_en.msgs \
  -pivt0x8=08h -cn -h+dist/default/production\Q71_ECG_V1.X.production.sym \
  --cmf=dist/default/production\Q71_ECG_V1.X.production.cmf -z -Q18F56Q71 \
  -oC:\Users\c52467\AppData\Local\Temp\xcAsk5g.\driver_tmp_3.o \
  --defsym=__MPLAB_BUILD=1 --fixupoverflow=error \
  -Mdist/default/production/Q71_ECG_V1.X.production.map \
  --md=C:\Users\c52467\AppData\Local\Temp\xcAsk5g.\driver_tmp_0.dat -E1 \
  -ver=XC8 Compiler --acfsm=1493 -ACODE=00h-0FFFFh -ACONST=00h-0FFFFh \
  -ASMALLCONST=01500h-015FFhx235 -AMEDIUMCONST=01500h-0FFFFh \
  -ACOMRAM=0501h-055Fh -AABS1=0500h-014FFh -ABIGRAM=0501h-014FFh \
  -ARAM=0560h-05FFh,0600h-06FFhx15 -ABANK5=0560h-05FFh -ABANK6=0600h-06FFh \
  -ABANK7=0700h-07FFh -ABANK8=0800h-08FFh -ABANK9=0900h-09FFh \
  -ABANK10=0A00h-0AFFh -ABANK11=0B00h-0BFFh -ABANK12=0C00h-0CFFh \
  -ABANK13=0D00h-0DFFh -ABANK14=0E00h-0EFFh -ABANK15=0F00h-0FFFh \
  -ABANK16=01000h-010FFh -ABANK17=01100h-011FFh -ABANK18=01200h-012FFh \
  -ABANK19=01300h-013FFh -ABANK20=01400h-014FFh \
  -ASFR=00h-0FFhx4,0400h-045Fh,0460h-04FFh,01500h-015FFh \
  -ABIGSFR=00h-04FFh,01500h-015FFh -ACONFIG=0300000h-030000Bh \
  -AIDLOC=0200000h-020003Fh -AEEDATA=0380000h-03800FFh -peeprom_data=EEDATA \
  -preset_vec=00h -ppowerup=CODE,init -pramtop=01500h \
  -psmallconst=SMALLCONST -pmediumconst=MEDIUMCONST -pconst=CONST \
  -AFARRAM=00h-00h \
  -prdata=COMRAM,nvrram=COMRAM,nvbit=COMRAM,rbss=COMRAM,rbit=COMRAM \
  -pfarbss=FARRAM,fardata=FARRAM,nvFARRAM=FARRAM \
  -pintsave_regs=BIGRAM,bigbss=BIGRAM,bigdata=BIGRAM -pbss=RAM \
  -pidata=CODE,irdata=CODE,ibigdata=CODE,ifardata=CODE -prparam=COMRAM \
  C:\Users\c52467\AppData\Local\Temp\xcAsk5g.\driver_tmp_9.o \
  dist/default/production\Q71_ECG_V1.X.production.o 

Object code version is 3.11

Machine type is 18F56Q71



                Name                               Link     Load   Length Selector   Space Scale
C:\Users\c52467\AppData\Local\Temp\xcAsk5g.\driver_tmp_9.o
                config                           300000   300000        B        0       4
                init                                 1A       1A        4        4       0
                reset_vec                             0        0        4        0       0
dist/default/production\Q71_ECG_V1.X.production.o
                config                           300000   300000        B        0       4
                smallconst                         1500     1500       3E      A80       0
                ivt0x8                                8        8       12        4       0
                text42                             23EC     23EC        2      A9F       0
                text41                             20A4     20A4       54      A9F       0
                text40                             23EA     23EA        2      A9F       0
                text39                             23E8     23E8        2      A9F       0
                text38                             1FE6     1FE6       68      A9F       0
                text37                             204E     204E       56      A9F       0
                text36                             231A     231A       1A      A9F       0
                text35                             2300     2300       1A      A9F       0
                text34                             2360     2360       16      A9F       0
                text33                             23E2     23E2        6      A9F       0
                text32                             23DA     23DA        8      A9F       0
                text31                             1AD0     1AD0      108      A9F       0
                text30                             1F14     1F14       6A      A9F       0
                text29                             191C     191C      1B4      A9F       0
                text28                             153E     153E      3DE      A9F       0
                text27                             1CBE     1CBE       C0      A9F       0
                text26                             221E     221E       2A      A9F       0
                text25                             23D2     23D2        8      A9F       0
                text24                             1EA2     1EA2       72      A9F       0
                text23                             234A     234A       16      A9F       0
                text22                             1E1E     1E1E       84      A9F       0
                text21                             1D7E     1D7E       A0      A9F       0
                text20                             226E     226E       22      A9F       0
                text19                             22E4     22E4       1C      A9F       0
                text18                             2248     2248       26      A9F       0
                text17                             2394     2394        C      A9F       0
                text16                             2388     2388        C      A9F       0
                text15                             2376     2376       12      A9F       0
                text14                             2334     2334       16      A9F       0
                text13                             23C8     23C8        A      A9F       0
                text12                             23BE     23BE        A      A9F       0
                text11                             23B4     23B4        A      A9F       0
                text10                             21C0     21C0       34      A9F       0
                text9                              1BD8     1BD8       E6      A9F       0
                text8                              23AA     23AA        A      A9F       0
                text7                              23A0     23A0        A      A9F       0
                text6                              20F8     20F8       50      A9F       0
                text5                              22C8     22C8       1C      A9F       0
                text4                              22AC     22AC       1C      A9F       0
                text3                              2290     2290       1C      A9F       0
                text2                              1F7E     1F7E       68      A9F       0
                text1                              21F4     21F4       2A      A9F       0
                text0                              2186     2186       3A      A9F       0
                cstackCOMRAM                        501      501       3E      501       1
                cstackBANK5                         56B      56B        2      560       1
                bssBANK5                            560      560        B      560       1
                dataCOMRAM                          55C      55C        1      501       1
                bssCOMRAM                           53F      53F       1D      501       1
                cinit                              2148     2148       3E      A9F       0
                idataCOMRAM                        23EE     23EE        1      A9F       0

TOTAL           Name                               Link     Load   Length     Space
        CLASS   CODE           
                init                                 1A       1A        4         0
                reset_vec                             0        0        4         0
                ivt0x8                                8        8       12         0
                text42                             23EC     23EC        2         0
                text41                             20A4     20A4       54         0
                text40                             23EA     23EA        2         0
                text39                             23E8     23E8        2         0
                text38                             1FE6     1FE6       68         0
                text37                             204E     204E       56         0
                text36                             231A     231A       1A         0
                text35                             2300     2300       1A         0
                text34                             2360     2360       16         0
                text33                             23E2     23E2        6         0
                text32                             23DA     23DA        8         0
                text31                             1AD0     1AD0      108         0
                text30                             1F14     1F14       6A         0
                text29                             191C     191C      1B4         0
                text28                             153E     153E      3DE         0
                text27                             1CBE     1CBE       C0         0
                text26                             221E     221E       2A         0
                text25                             23D2     23D2        8         0
                text24                             1EA2     1EA2       72         0
                text23                             234A     234A       16         0
                text22                             1E1E     1E1E       84         0
                text21                             1D7E     1D7E       A0         0
                text20                             226E     226E       22         0
                text19                             22E4     22E4       1C         0
                text18                             2248     2248       26         0
                text17                             2394     2394        C         0
                text16                             2388     2388        C         0
                text15                             2376     2376       12         0
                text14                             2334     2334       16         0
                text13                             23C8     23C8        A         0
                text12                             23BE     23BE        A         0
                text11                             23B4     23B4        A         0
                text10                             21C0     21C0       34         0
                text9                              1BD8     1BD8       E6         0
                text8                              23AA     23AA        A         0
                text7                              23A0     23A0        A         0
                text6                              20F8     20F8       50         0
                text5                              22C8     22C8       1C         0
                text4                              22AC     22AC       1C         0
                text3                              2290     2290       1C         0
                text2                              1F7E     1F7E       68         0
                text1                              21F4     21F4       2A         0
                text0                              2186     2186       3A         0
                cinit                              2148     2148       3E         0
                idataCOMRAM                        23EE     23EE        1         0

        CLASS   CONST          

        CLASS   SMALLCONST     
                smallconst                         1500     1500       3E         0

        CLASS   MEDIUMCONST    

        CLASS   COMRAM         
                cstackCOMRAM                        501      501       3E         1
                dataCOMRAM                          55C      55C        1         1
                bssCOMRAM                           53F      53F       1D         1

        CLASS   ABS1           

        CLASS   BIGRAM         

        CLASS   RAM            

        CLASS   BANK5          
                cstackBANK5                         56B      56B        2         1
                bssBANK5                            560      560        B         1

        CLASS   BANK6          

        CLASS   BANK7          

        CLASS   BANK8          

        CLASS   BANK9          

        CLASS   BANK10         

        CLASS   BANK11         

        CLASS   BANK12         

        CLASS   BANK13         

        CLASS   BANK14         

        CLASS   BANK15         

        CLASS   BANK16         

        CLASS   BANK17         

        CLASS   BANK18         

        CLASS   BANK19         

        CLASS   BANK20         

        CLASS   SFR            

        CLASS   BIGSFR         

        CLASS   CONFIG         
                config                           300000   300000        B         4

        CLASS   IDLOC          

        CLASS   EEDATA         

        CLASS   FARRAM         

        CLASS   HEAP           

        CLASS   STACK          



SEGMENTS        Name                           Load    Length   Top    Selector   Space  Class

                reset_vec                      000000  000004  000004         0       0  CODE    
                ivt0x8                         000008  000016  00001E         4       0  CODE    
                cstackCOMRAM                   000501  00005C  00055D       501       1  COMRAM  
                bssBANK5                       000560  00000D  00056D       560       1  BANK5   
                smallconst                     001500  00003E  00153E       A80       0  SMALLCON
                text28                         00153E  000EB1  0023EF       A9F       0  CODE    


UNUSED ADDRESS RANGES

        Name                Unused          Largest block    Delta
        BANK10           000A00-000AFF              100
        BANK11           000B00-000BFF              100
        BANK12           000C00-000CFF              100
        BANK13           000D00-000DFF              100
        BANK14           000E00-000EFF              100
        BANK15           000F00-000FFF              100
        BANK16           001000-0010FF              100
        BANK17           001100-0011FF              100
        BANK18           001200-0012FF              100
        BANK19           001300-0013FF              100
        BANK20           001400-0014FF              100
        BANK5            00056D-0005FF               93
        BANK6            000600-0006FF              100
        BANK7            000700-0007FF              100
        BANK8            000800-0008FF              100
        BANK9            000900-0009FF              100
        BIGRAM           00055D-00055F                3
                         00056D-0014FF              F93
        BIGSFR           000000-0004FF              500
                         001500-0015FF              100
        CODE             000004-000007                4
                         00001E-0014FF             14E2
                         0023EF-00FFFF             DC11
        COMRAM           00055D-00055F                3
        CONFIG           30000B-30000B                1
        CONST            000004-000007                4
                         00001E-0014FF             14E2
                         0023EF-00FFFF             DC11
        EEDATA           380000-3800FF              100
        IDLOC            200000-20003F               40
        MEDIUMCONST      0023EF-00FFFF             DC11
        RAM              00056D-0014FF              100
        SFR              000000-0004FF              100
                         001500-0015FF              100
        SMALLCONST       0023EF-00FFFF              100

                                  Symbol Table

?_ADC_GetConversionResult                              cstackCOMRAM 000504
?_ADC_GetErrorCalculation                              cstackCOMRAM 000504
?___fltol                                              cstackCOMRAM 000537
?___lmul                                               cstackCOMRAM 000504
?___xxtofl                                             cstackCOMRAM 000504
?_sqrtf                                                cstackCOMRAM 000512
CMP1_InterruptCallbackRegister@callbackHandler         cstackCOMRAM 000504
DAC3_SetOutput@inputData                               cstackCOMRAM 000504
DataStreamer_FrameSend@dp                              cstackCOMRAM 00050E
DataStreamer_FrameSend@length                          cstackCOMRAM 00050A
DataStreamer_FrameSend@package                         cstackCOMRAM 000508
DataStreamer_PackageSet@customStructHandler            cstackCOMRAM 000504
DataStreamer_PackageSet@customlength                   cstackCOMRAM 000506
DataStreamer_VariableWrite@var                         cstackCOMRAM 000507
INT0_SetInterruptHandler@InterruptHandler              cstackCOMRAM 000504
INT1_SetInterruptHandler@InterruptHandler              cstackCOMRAM 000504
INT2_SetInterruptHandler@InterruptHandler              cstackCOMRAM 000504
IVTBASEH                                               (abs)        00045E
IVTBASEL                                               (abs)        00045D
IVTBASEU                                               (abs)        00045F
TU16A_CaptureMatchInterruptHandlerSet@InterruptHandler cstackCOMRAM 000504
TU16A_InterruptHandlerSet@InterruptHandler             cstackCOMRAM 000504
UART2_FramingErrorCallbackRegister@callbackHandler     cstackCOMRAM 000504
UART2_OverrunErrorCallbackRegister@callbackHandler     cstackCOMRAM 000504
UART2_ParityErrorCallbackRegister@callbackHandler      cstackCOMRAM 000504
UART2_Write@txData                                     cstackCOMRAM 000504
_ACTCON                                                (abs)        0000AC
_ADACCH                                                (abs)        0003E4
_ADACCL                                                (abs)        0003E3
_ADACCU                                                (abs)        0003E5
_ADACQH                                                (abs)        0003EF
_ADACQL                                                (abs)        0003EE
_ADACT                                                 (abs)        0003F9
_ADCAP                                                 (abs)        0003F0
_ADCGA                                                 (abs)        000110
_ADCGB                                                 (abs)        000111
_ADCGC                                                 (abs)        000112
_ADCGD                                                 (abs)        000113
_ADCGE                                                 (abs)        000114
_ADCLK                                                 (abs)        0003FA
_ADCNT                                                 (abs)        0003E6
_ADCON0                                                (abs)        0003F3
_ADCON0bits                                            (abs)        0003F3
_ADCON1                                                (abs)        0003F4
_ADCON1bits                                            (abs)        0003F4
_ADCON2                                                (abs)        0003F5
_ADCON2bits                                            (abs)        0003F5
_ADCON3                                                (abs)        0003F6
_ADCON3bits                                            (abs)        0003F6
_ADCSEL1                                               (abs)        0003FC
_ADCSEL1bits                                           (abs)        0003FC
_ADCTX                                                 (abs)        0003FB
_ADC_GetConversionResult                               text36       00231A
_ADC_GetErrorCalculation                               text35       002300
_ADC_Initialize                                        text21       001D7E
_ADC_IsConversionDone                                  text34       002360
_ADC_StartConversion                                   text33       0023E2
_ADERRH                                                (abs)        0003DE
_ADERRL                                                (abs)        0003DD
_ADFLTRH                                               (abs)        0003E2
_ADFLTRL                                               (abs)        0003E1
_ADLTHH                                                (abs)        0003DA
_ADLTHL                                                (abs)        0003D9
_ADNCH                                                 (abs)        0003ED
_ADPCH                                                 (abs)        0003EC
_ADPREH                                                (abs)        0003F2
_ADPREL                                                (abs)        0003F1
_ADPREVH                                               (abs)        0003E9
_ADPREVL                                               (abs)        0003E8
_ADREF                                                 (abs)        0003F8
_ADRESH                                                (abs)        0003EB
_ADRESL                                                (abs)        0003EA
_ADRPT                                                 (abs)        0003E7
_ADSTAT                                                (abs)        0003F7
_ADSTATbits                                            (abs)        0003F7
_ADSTPTH                                               (abs)        0003E0
_ADSTPTL                                               (abs)        0003DF
_ADUTHH                                                (abs)        0003DC
_ADUTHL                                                (abs)        0003DB
_ANSELA                                                (abs)        000400
_ANSELB                                                (abs)        000408
_ANSELC                                                (abs)        000410
_ANSELD                                                (abs)        000418
_ANSELE                                                (abs)        000420
_ANSELF                                                (abs)        000428
_CLOCK_Initialize                                      text20       00226E
_CM1CON0                                               (abs)        000070
_CM1CON0bits                                           (abs)        000070
_CM1CON1                                               (abs)        000071
_CM1NCH                                                (abs)        000072
_CM1PCH                                                (abs)        000073
_CMP1_DefaultInterruptCallback                         text42       0023EC
_CMP1_ISR                                              text41       0020A4
_CMP1_Initialize                                       text18       002248
_CMP1_InterruptCallbackRegister                        text19       0022E4
_CMP1_InterruptHandler                                 bssCOMRAM    000559
_DAC2CON                                               (abs)        0000C2
_DAC2DATL                                              (abs)        0000C0
_DAC2_Initialize                                       text17       002394
_DAC3CON                                               (abs)        0000C5
_DAC3DATL                                              (abs)        0000C3
_DAC3_Initialize                                       text16       002388
_DAC3_SetOutput                                        text32       0023DA
_DATA_STREAMER_PACKAGE                                 bssCOMRAM    00053F
_DS_Frame_Update                                       text27       001CBE
_DataStreamer                                          bssBANK5     000562
_DataStreamer_FrameSend                                text22       001E1E
_DataStreamer_Initialize                               text14       002334
_DataStreamer_PackageSet                               text15       002376
_DataStreamer_VariableWrite                            text24       001EA2
_FSCMCON                                               (abs)        000458
_INLVLA                                                (abs)        000404
_INLVLB                                                (abs)        00040C
_INLVLC                                                (abs)        000414
_INLVLD                                                (abs)        00041C
_INLVLE                                                (abs)        000424
_INLVLF                                                (abs)        00042C
_INT0_DefaultInterruptHandler                          (abs)        000000
_INT0_InterruptHandler                                 bssCOMRAM    000557
_INT0_SetInterruptHandler                              text13       0023C8
_INT1_DefaultInterruptHandler                          (abs)        000000
_INT1_InterruptHandler                                 bssCOMRAM    000555
_INT1_SetInterruptHandler                              text12       0023BE
_INT2_DefaultInterruptHandler                          (abs)        000000
_INT2_InterruptHandler                                 bssCOMRAM    000553
_INT2_SetInterruptHandler                              text11       0023B4
_INTCON0bits                                           (abs)        0004D6
_INTERRUPT_Initialize                                  text10       0021C0
_INTERRUPT_InterruptManager                            text37       00204E
_IOCAF                                                 (abs)        000407
_IOCAN                                                 (abs)        000406
_IOCAP                                                 (abs)        000405
_IOCBF                                                 (abs)        00040F
_IOCBN                                                 (abs)        00040E
_IOCBP                                                 (abs)        00040D
_IOCCF                                                 (abs)        000417
_IOCCN                                                 (abs)        000416
_IOCCP                                                 (abs)        000415
_IOCEF                                                 (abs)        000427
_IOCEN                                                 (abs)        000426
_IOCEP                                                 (abs)        000425
_IOCWF                                                 (abs)        00043F
_IOCWN                                                 (abs)        00043E
_IOCWP                                                 (abs)        00043D
_LATA                                                  (abs)        000140
_LATB                                                  (abs)        000141
_LATC                                                  (abs)        000142
_LATCbits                                              (abs)        000142
_LATD                                                  (abs)        000143
_LATE                                                  (abs)        000144
_LATF                                                  (abs)        000145
_ODCONA                                                (abs)        000402
_ODCONB                                                (abs)        00040A
_ODCONC                                                (abs)        000412
_ODCOND                                                (abs)        00041A
_ODCONE                                                (abs)        000422
_ODCONF                                                (abs)        00042A
_OSCCON1                                               (abs)        0000AD
_OSCCON3                                               (abs)        0000AF
_OSCEN                                                 (abs)        0000B3
_OSCFRQ                                                (abs)        0000B1
_OSCTUNE                                               (abs)        0000B0
_PIE1bits                                              (abs)        0004A8
_PIE5bits                                              (abs)        0004AC
_PIN_MANAGER_Initialize                                text9        001BD8
_PIR10bits                                             (abs)        0004BC
_PIR1bits                                              (abs)        0004B3
_PIR5bits                                              (abs)        0004B7
_PIR6bits                                              (abs)        0004B8
_RB1I2C                                                (abs)        000286
_RB2I2C                                                (abs)        000285
_RB4PPS                                                (abs)        00020D
_RC3I2C                                                (abs)        000288
_RC4I2C                                                (abs)        000287
_SEND_FRAME                                            bssCOMRAM    00055B
_SLRCONA                                               (abs)        000403
_SLRCONB                                               (abs)        00040B
_SLRCONC                                               (abs)        000413
_SLRCOND                                               (abs)        00041B
_SLRCONE                                               (abs)        000423
_SLRCONF                                               (abs)        00042B
_SYSTEM_Initialize                                     text1        0021F4
_TRISA                                                 (abs)        000148
_TRISB                                                 (abs)        000149
_TRISC                                                 (abs)        00014A
_TRISD                                                 (abs)        00014B
_TRISE                                                 (abs)        00014C
_TRISF                                                 (abs)        00014D
_TU16A                                                 smallconst   001501
_TU16ACLK                                              (abs)        0003A8
_TU16ACON0                                             (abs)        0003A0
_TU16ACON0bits                                         (abs)        0003A0
_TU16ACON1                                             (abs)        0003A1
_TU16ACON1bits                                         (abs)        0003A1
_TU16ACRHbits                                          (abs)        0003A5
_TU16ACRLbits                                          (abs)        0003A4
_TU16AERS                                              (abs)        0003A9
_TU16AHLT                                              (abs)        0003A2
_TU16APRH                                              (abs)        0003A7
_TU16APRHbits                                          (abs)        0003A7
_TU16APRL                                              (abs)        0003A6
_TU16APRLbits                                          (abs)        0003A6
_TU16APS                                               (abs)        0003A3
_TU16ATMRH                                             (abs)        0003A5
_TU16ATMRHbits                                         (abs)        0003A5
_TU16ATMRL                                             (abs)        0003A4
_TU16ATMRLbits                                         (abs)        0003A4
_TU16A_CaptureMatchDefaultInterruptHandler             text40       0023EA
_TU16A_CaptureMatchInterruptHandler                    bssCOMRAM    00054B
_TU16A_CaptureMatchInterruptHandlerSet                 text8        0023AA
_TU16A_DefaultInterruptHandler                         text39       0023E8
_TU16A_ISR                                             text38       001FE6
_TU16A_Initialize                                      text6        0020F8
_TU16A_InterruptHandler                                bssCOMRAM    000551
_TU16A_InterruptHandlerSet                             text7        0023A0
_TU16A_PRMatchInterruptHandler                         bssCOMRAM    00054F
_TU16A_Start                                           (abs)        000000
_TU16A_Stop                                            (abs)        000000
_TU16A_Write                                           (abs)        000000
_TU16A_ZeroMatchInterruptHandler                       bssCOMRAM    00054D
_U2BRGH                                                (abs)        0002C2
_U2BRGL                                                (abs)        0002C1
_U2CON0                                                (abs)        0002BE
_U2CON0bits                                            (abs)        0002BE
_U2CON1                                                (abs)        0002BF
_U2CON1bits                                            (abs)        0002BF
_U2CON2                                                (abs)        0002C0
_U2ERRIE                                               (abs)        0002C6
_U2ERRIR                                               (abs)        0002C5
_U2ERRIRbits                                           (abs)        0002C5
_U2FIFO                                                (abs)        0002C3
_U2FIFObits                                            (abs)        0002C3
_U2P1L                                                 (abs)        0002B8
_U2P2L                                                 (abs)        0002BA
_U2P3L                                                 (abs)        0002BC
_U2RXB                                                 (abs)        0002B4
_U2RXPPS                                               (abs)        000274
_U2TXB                                                 (abs)        0002B6
_U2UIR                                                 (abs)        0002C4
_U2UIRbits                                             (abs)        0002C4
_UART2                                                 smallconst   00150D
_UART2_AutoBaudQuery                                   (abs)        000000
_UART2_AutoBaudSet                                     (abs)        000000
_UART2_DefaultFramingErrorCallback                     (abs)        000000
_UART2_DefaultOverrunErrorCallback                     (abs)        000000
_UART2_DefaultParityErrorCallback                      (abs)        000000
_UART2_Deinitialize                                    (abs)        000000
_UART2_ErrorGet                                        (abs)        000000
_UART2_FramingErrorCallbackRegister                    text5        0022C8
_UART2_FramingErrorHandler                             bssCOMRAM    000547
_UART2_Initialize                                      text2        001F7E
_UART2_IsRxReady                                       (abs)        000000
_UART2_IsTxDone                                        text23       00234A
_UART2_IsTxReady                                       text26       00221E
_UART2_IsTxReady$2425                                  cstackCOMRAM 000504
_UART2_OverrunErrorCallbackRegister                    text4        0022AC
_UART2_OverrunErrorHandler                             bssCOMRAM    000545
_UART2_ParityErrorCallbackRegister                     text3        002290
_UART2_ParityErrorHandler                              bssCOMRAM    000543
_UART2_Read                                            (abs)        000000
_UART2_TransmitDisable                                 (abs)        000000
_UART2_TransmitEnable                                  (abs)        000000
_UART2_Write                                           text25       0023D2
_WPUA                                                  (abs)        000401
_WPUB                                                  (abs)        000409
_WPUC                                                  (abs)        000411
_WPUD                                                  (abs)        000419
_WPUE                                                  (abs)        000421
_WPUF                                                  (abs)        000429
__HRAM                                                 (abs)        000000
__H__absolute__                                        __absolute__ 000000
__Habs1                                                abs1         000000
__Hbank10                                              bank10       000000
__Hbank11                                              bank11       000000
__Hbank12                                              bank12       000000
__Hbank13                                              bank13       000000
__Hbank14                                              bank14       000000
__Hbank15                                              bank15       000000
__Hbank16                                              bank16       000000
__Hbank17                                              bank17       000000
__Hbank18                                              bank18       000000
__Hbank19                                              bank19       000000
__Hbank20                                              bank20       000000
__Hbank5                                               bank5        000000
__Hbank6                                               bank6        000000
__Hbank7                                               bank7        000000
__Hbank8                                               bank8        000000
__Hbank9                                               bank9        000000
__Hbigbss                                              bigbss       000000
__Hbigdata                                             bigdata      000000
__Hbigram                                              bigram       000000
__Hbigsfr                                              bigsfr       000000
__Hbss                                                 bss          000000
__HbssBANK5                                            bssBANK5     000000
__HbssCOMRAM                                           bssCOMRAM    000000
__Hcinit                                               cinit        000000
__Hclrtext                                             clrtext      000000
__Hcomram                                              comram       000000
__Hconfig                                              config       30000B
__Hconst                                               const        000000
__HcstackBANK5                                         cstackBANK5  000000
__HcstackCOMRAM                                        cstackCOMRAM 000000
__Hdata                                                data         000000
__HdataCOMRAM                                          dataCOMRAM   000000
__Heeprom_data                                         eeprom_data  000000
__Hfarbss                                              farbss       000000
__Hfardata                                             fardata      000000
__Hheap                                                heap         000000
__Hibigdata                                            ibigdata     000000
__Hidata                                               idata        000000
__HidataCOMRAM                                         idataCOMRAM  000000
__Hidloc                                               idloc        000000
__Hifardata                                            ifardata     000000
__Hinit                                                init         00001E
__Hintsave_regs                                        intsave_regs 000000
__Hirdata                                              irdata       000000
__Hivt0x8                                              ivt0x8       00001A
__Hmediumconst                                         mediumconst  000000
__HnvFARRAM                                            nvFARRAM     000000
__Hnvbit                                               nvbit        000000
__Hnvrram                                              nvrram       000000
__Hparam                                               rparam       000000
__Hpowerup                                             powerup      000000
__Hram                                                 ram          000000
__Hramtop                                              ramtop       001500
__Hrbit                                                rbit         000000
__Hrbss                                                rbss         000000
__Hrdata                                               rdata        000000
__Hreset_vec                                           reset_vec    000004
__Hrparam                                              rparam       000000
__Hsfr                                                 sfr          000000
__Hsmallconst                                          smallconst   00153E
__Hspace_0                                             (abs)        0023EF
__Hspace_1                                             (abs)        00056D
__Hspace_2                                             (abs)        000000
__Hspace_4                                             (abs)        60000B
__Hstack                                               stack        000000
__Hstruct                                              struct       000000
__Htemp                                                temp         000000
__Htext                                                text         000000
__Htext0                                               text0        000000
__Htext1                                               text1        000000
__Htext10                                              text10       000000
__Htext11                                              text11       000000
__Htext12                                              text12       000000
__Htext13                                              text13       000000
__Htext14                                              text14       000000
__Htext15                                              text15       000000
__Htext16                                              text16       000000
__Htext17                                              text17       000000
__Htext18                                              text18       000000
__Htext19                                              text19       000000
__Htext2                                               text2        000000
__Htext20                                              text20       000000
__Htext21                                              text21       000000
__Htext22                                              text22       000000
__Htext23                                              text23       000000
__Htext24                                              text24       000000
__Htext25                                              text25       000000
__Htext26                                              text26       000000
__Htext27                                              text27       000000
__Htext28                                              text28       000000
__Htext29                                              text29       000000
__Htext3                                               text3        000000
__Htext30                                              text30       000000
__Htext31                                              text31       000000
__Htext32                                              text32       000000
__Htext33                                              text33       000000
__Htext34                                              text34       000000
__Htext35                                              text35       000000
__Htext36                                              text36       000000
__Htext37                                              text37       000000
__Htext38                                              text38       000000
__Htext39                                              text39       000000
__Htext4                                               text4        000000
__Htext40                                              text40       000000
__Htext41                                              text41       000000
__Htext42                                              text42       000000
__Htext5                                               text5        000000
__Htext6                                               text6        000000
__Htext7                                               text7        000000
__Htext8                                               text8        000000
__Htext9                                               text9        000000
__LRAM                                                 (abs)        000001
__L__absolute__                                        __absolute__ 000000
__Labs1                                                abs1         000000
__Lbank10                                              bank10       000000
__Lbank11                                              bank11       000000
__Lbank12                                              bank12       000000
__Lbank13                                              bank13       000000
__Lbank14                                              bank14       000000
__Lbank15                                              bank15       000000
__Lbank16                                              bank16       000000
__Lbank17                                              bank17       000000
__Lbank18                                              bank18       000000
__Lbank19                                              bank19       000000
__Lbank20                                              bank20       000000
__Lbank5                                               bank5        000000
__Lbank6                                               bank6        000000
__Lbank7                                               bank7        000000
__Lbank8                                               bank8        000000
__Lbank9                                               bank9        000000
__Lbigbss                                              bigbss       000000
__Lbigdata                                             bigdata      000000
__Lbigram                                              bigram       000000
__Lbigsfr                                              bigsfr       000000
__Lbss                                                 bss          000000
__LbssBANK5                                            bssBANK5     000000
__LbssCOMRAM                                           bssCOMRAM    000000
__Lcinit                                               cinit        000000
__Lclrtext                                             clrtext      000000
__Lcomram                                              comram       000000
__Lconfig                                              config       000000
__Lconst                                               const        000000
__LcstackBANK5                                         cstackBANK5  000000
__LcstackCOMRAM                                        cstackCOMRAM 000000
__Ldata                                                data         000000
__LdataCOMRAM                                          dataCOMRAM   000000
__Leeprom_data                                         eeprom_data  000000
__Lfarbss                                              farbss       000000
__Lfardata                                             fardata      000000
__Lheap                                                heap         000000
__Libigdata                                            ibigdata     000000
__Lidata                                               idata        000000
__LidataCOMRAM                                         idataCOMRAM  000000
__Lidloc                                               idloc        000000
__Lifardata                                            ifardata     000000
__Linit                                                init         00001A
__Lintsave_regs                                        intsave_regs 000000
__Lirdata                                              irdata       000000
__Livt0x8                                              ivt0x8       000008
__Lmediumconst                                         mediumconst  000000
__LnvFARRAM                                            nvFARRAM     000000
__Lnvbit                                               nvbit        000000
__Lnvrram                                              nvrram       000000
__Lparam                                               rparam       000000
__Lpowerup                                             powerup      000000
__Lram                                                 ram          000000
__Lramtop                                              ramtop       001500
__Lrbit                                                rbit         000000
__Lrbss                                                rbss         000000
__Lrdata                                               rdata        000000
__Lreset_vec                                           reset_vec    000000
__Lrparam                                              rparam       000000
__Lsfr                                                 sfr          000000
__Lsmallconst                                          smallconst   001500
__Lspace_0                                             (abs)        000000
__Lspace_1                                             (abs)        000000
__Lspace_2                                             (abs)        000000
__Lspace_4                                             (abs)        000000
__Lstack                                               stack        000000
__Lstruct                                              struct       000000
__Ltemp                                                temp         000000
__Ltext                                                text         000000
__Ltext0                                               text0        000000
__Ltext1                                               text1        000000
__Ltext10                                              text10       000000
__Ltext11                                              text11       000000
__Ltext12                                              text12       000000
__Ltext13                                              text13       000000
__Ltext14                                              text14       000000
__Ltext15                                              text15       000000
__Ltext16                                              text16       000000
__Ltext17                                              text17       000000
__Ltext18                                              text18       000000
__Ltext19                                              text19       000000
__Ltext2                                               text2        000000
__Ltext20                                              text20       000000
__Ltext21                                              text21       000000
__Ltext22                                              text22       000000
__Ltext23                                              text23       000000
__Ltext24                                              text24       000000
__Ltext25                                              text25       000000
__Ltext26                                              text26       000000
__Ltext27                                              text27       000000
__Ltext28                                              text28       000000
__Ltext29                                              text29       000000
__Ltext3                                               text3        000000
__Ltext30                                              text30       000000
__Ltext31                                              text31       000000
__Ltext32                                              text32       000000
__Ltext33                                              text33       000000
__Ltext34                                              text34       000000
__Ltext35                                              text35       000000
__Ltext36                                              text36       000000
__Ltext37                                              text37       000000
__Ltext38                                              text38       000000
__Ltext39                                              text39       000000
__Ltext4                                               text4        000000
__Ltext40                                              text40       000000
__Ltext41                                              text41       000000
__Ltext42                                              text42       000000
__Ltext5                                               text5        000000
__Ltext6                                               text6        000000
__Ltext7                                               text7        000000
__Ltext8                                               text8        000000
__Ltext9                                               text9        000000
__S0                                                   (abs)        0023EF
__S1                                                   (abs)        00056D
__S4                                                   (abs)        000000
__S5                                                   (abs)        000000
___fltol                                               text31       001AD0
___fltol@exp1                                          cstackBANK5  00056C
___fltol@f1                                            cstackCOMRAM 000537
___fltol@sign1                                         cstackBANK5  00056B
___heap_hi                                             (abs)        000000
___heap_lo                                             (abs)        000000
___inthi_sp                                            stack        000000
___inthi_stack_hi                                      stack        000000
___inthi_stack_lo                                      stack        000000
___intlo_sp                                            stack        000000
___intlo_stack_hi                                      stack        000000
___intlo_stack_lo                                      stack        000000
___lmul                                                text30       001F14
___lmul@multiplicand                                   cstackCOMRAM 000508
___lmul@multiplier                                     cstackCOMRAM 000504
___lmul@product                                        cstackCOMRAM 00050C
___param_bank                                          (abs)        000000
___rparam_used                                         (abs)        000001
___sp                                                  stack        000000
___stack_hi                                            stack        000000
___stack_lo                                            stack        000000
___xxtofl                                              text29       00191C
___xxtofl@arg                                          cstackCOMRAM 00050E
___xxtofl@exp                                          cstackCOMRAM 00050D
___xxtofl@sign                                         cstackCOMRAM 00050C
___xxtofl@val                                          cstackCOMRAM 000504
__accesstop                                            (abs)        000560
__activetblptr                                         (abs)        000003
__end_of_ADC_GetConversionResult                       text36       002334
__end_of_ADC_GetErrorCalculation                       text35       00231A
__end_of_ADC_Initialize                                text21       001E1E
__end_of_ADC_IsConversionDone                          text34       002376
__end_of_ADC_StartConversion                           text33       0023E8
__end_of_CLOCK_Initialize                              text20       002290
__end_of_CMP1_DefaultInterruptCallback                 text42       0023EE
__end_of_CMP1_ISR                                      text41       0020F8
__end_of_CMP1_Initialize                               text18       00226E
__end_of_CMP1_InterruptCallbackRegister                text19       002300
__end_of_DAC2_Initialize                               text17       0023A0
__end_of_DAC3_Initialize                               text16       002394
__end_of_DAC3_SetOutput                                text32       0023E2
__end_of_DS_Frame_Update                               text27       001D7E
__end_of_DataStreamer_FrameSend                        text22       001EA2
__end_of_DataStreamer_Initialize                       text14       00234A
__end_of_DataStreamer_PackageSet                       text15       002388
__end_of_DataStreamer_VariableWrite                    text24       001F14
__end_of_INT0_SetInterruptHandler                      text13       0023D2
__end_of_INT1_SetInterruptHandler                      text12       0023C8
__end_of_INT2_SetInterruptHandler                      text11       0023BE
__end_of_INTERRUPT_Initialize                          text10       0021F4
__end_of_INTERRUPT_InterruptManager                    text37       0020A4
__end_of_PIN_MANAGER_Initialize                        text9        001CBE
__end_of_SYSTEM_Initialize                             text1        00221E
__end_of_TU16A                                         smallconst   00150D
__end_of_TU16A_CaptureMatchDefaultInterruptHandler     text40       0023EC
__end_of_TU16A_CaptureMatchInterruptHandlerSet         text8        0023B4
__end_of_TU16A_DefaultInterruptHandler                 text39       0023EA
__end_of_TU16A_ISR                                     text38       00204E
__end_of_TU16A_Initialize                              text6        002148
__end_of_TU16A_InterruptHandlerSet                     text7        0023AA
__end_of_UART2                                         smallconst   00153D
__end_of_UART2_FramingErrorCallbackRegister            text5        0022E4
__end_of_UART2_Initialize                              text2        001FE6
__end_of_UART2_IsTxDone                                text23       002360
__end_of_UART2_IsTxReady                               text26       002248
__end_of_UART2_OverrunErrorCallbackRegister            text4        0022C8
__end_of_UART2_ParityErrorCallbackRegister             text3        0022AC
__end_of_UART2_Write                                   text25       0023DA
__end_of___fltol                                       text31       001BD8
__end_of___lmul                                        text30       001F7E
__end_of___xxtofl                                      text29       001AD0
__end_of__initialization                               cinit        002180
__end_of_main                                          text0        0021C0
__end_of_sqrtf                                         text28       00191C
__initialization                                       cinit        002148
__mediumconst                                          mediumconst  000000
__pbssBANK5                                            bssBANK5     000560
__pbssCOMRAM                                           bssCOMRAM    00053F
__pcinit                                               cinit        002148
__pcstackBANK5                                         cstackBANK5  00056B
__pcstackCOMRAM                                        cstackCOMRAM 000501
__pdataCOMRAM                                          dataCOMRAM   00055C
__pidataCOMRAM                                         idataCOMRAM  0023EE
__pivt0x8                                              ivt0x8       000008
__psmallconst                                          smallconst   001500
__ptext0                                               text0        002186
__ptext1                                               text1        0021F4
__ptext10                                              text10       0021C0
__ptext11                                              text11       0023B4
__ptext12                                              text12       0023BE
__ptext13                                              text13       0023C8
__ptext14                                              text14       002334
__ptext15                                              text15       002376
__ptext16                                              text16       002388
__ptext17                                              text17       002394
__ptext18                                              text18       002248
__ptext19                                              text19       0022E4
__ptext2                                               text2        001F7E
__ptext20                                              text20       00226E
__ptext21                                              text21       001D7E
__ptext22                                              text22       001E1E
__ptext23                                              text23       00234A
__ptext24                                              text24       001EA2
__ptext25                                              text25       0023D2
__ptext26                                              text26       00221E
__ptext27                                              text27       001CBE
__ptext28                                              text28       00153E
__ptext29                                              text29       00191C
__ptext3                                               text3        002290
__ptext30                                              text30       001F14
__ptext31                                              text31       001AD0
__ptext32                                              text32       0023DA
__ptext33                                              text33       0023E2
__ptext34                                              text34       002360
__ptext35                                              text35       002300
__ptext36                                              text36       00231A
__ptext37                                              text37       00204E
__ptext38                                              text38       001FE6
__ptext39                                              text39       0023E8
__ptext4                                               text4        0022AC
__ptext40                                              text40       0023EA
__ptext41                                              text41       0020A4
__ptext42                                              text42       0023EC
__ptext5                                               text5        0022C8
__ptext6                                               text6        0020F8
__ptext7                                               text7        0023A0
__ptext8                                               text8        0023AA
__ptext9                                               text9        001BD8
__ramtop                                               ramtop       001500
__smallconst                                           smallconst   001500
_errno                                                 bssBANK5     000560
_main                                                  text0        002186
_sqrtf                                                 text28       00153E
_uart2RxLastError                                      bssCOMRAM    000549
end_of_initialization                                  cinit        002180
intlevel0                                              text         000000
intlevel1                                              text         000000
intlevel2                                              text         000000
intlevel3                                              text         000000
isa$std                                                (abs)        000001
isa$xinst                                              (abs)        000000
ivt0x8_base                                            ivt0x8       000008
sqrtf@i                                                cstackCOMRAM 00051F
sqrtf@ix                                               cstackCOMRAM 000533
sqrtf@m                                                cstackCOMRAM 00052B
sqrtf@q                                                cstackCOMRAM 000523
sqrtf@r                                                cstackCOMRAM 00052F
sqrtf@s                                                cstackCOMRAM 00051B
sqrtf@t                                                cstackCOMRAM 000527
sqrtf@x                                                cstackCOMRAM 000512
stackhi                                                (abs)        000000
stacklo                                                (abs)        000000
start                                                  init         00001A
start_initialization                                   cinit        002148


MODULE INFORMATION

Module		Function		Class		Link	Load	Size
C:\Program Files\Microchip\xc8\v2.46\pic\sources\c99\common\fltol.c
		___fltol       		CODE           	1AD0	0000	264

C:\Program Files\Microchip\xc8\v2.46\pic\sources\c99\common\fltol.c estimated size: 264

mcc_generated_files/dac/src/dac2.c
		_DAC2_Initialize		CODE           	2394	0000	12

mcc_generated_files/dac/src/dac2.c estimated size: 12

mcc_generated_files/data_streamer/src/data_streamer.c
		_DataStreamer_PackageSet		CODE           	2376	0000	18
		_DataStreamer_Initialize		CODE           	2334	0000	22
		_DataStreamer_VariableWrite		CODE           	1EA2	0000	114
		_DataStreamer_FrameSend		CODE           	1E1E	0000	132

mcc_generated_files/data_streamer/src/data_streamer.c estimated size: 286

C:\Program Files\Microchip\xc8\v2.46\pic\sources\c99\common\xxtofl.c
		___xxtofl      		CODE           	191C	0000	436

C:\Program Files\Microchip\xc8\v2.46\pic\sources\c99\common\xxtofl.c estimated size: 436

mcc_generated_files/system/src/interrupt.c
		_INT0_SetInterruptHandler		CODE           	23C8	0000	10
		_INT1_SetInterruptHandler		CODE           	23BE	0000	10
		_INT2_SetInterruptHandler		CODE           	23B4	0000	10
		_INTERRUPT_Initialize		CODE           	21C0	0000	52
		_INTERRUPT_InterruptManager		CODE           	204E	0000	86

mcc_generated_files/system/src/interrupt.c estimated size: 168

mcc_generated_files/comparator/src/cmp1.c
		_CMP1_DefaultInterruptCallback		CODE           	23EC	0000	2
		_CMP1_ISR      		CODE           	20A4	0000	84
		_CMP1_Initialize		CODE           	2248	0000	38
		_CMP1_InterruptCallbackRegister		CODE           	22E4	0000	28

mcc_generated_files/comparator/src/cmp1.c estimated size: 152

mcc_generated_files/adc/src/adc.c
		_ADC_Initialize		CODE           	1D7E	0000	160
		_ADC_IsConversionDone		CODE           	2360	0000	22
		_ADC_GetConversionResult		CODE           	231A	0000	26
		_ADC_StartConversion		CODE           	23E2	0000	6
		_ADC_GetErrorCalculation		CODE           	2300	0000	26

mcc_generated_files/adc/src/adc.c estimated size: 240

mcc_generated_files/dac/src/dac3.c
		_DAC3_SetOutput		CODE           	23DA	0000	8
		_DAC3_Initialize		CODE           	2388	0000	12

mcc_generated_files/dac/src/dac3.c estimated size: 20

mcc_generated_files/system/src/pins.c
		_PIN_MANAGER_Initialize		CODE           	1BD8	0000	230

mcc_generated_files/system/src/pins.c estimated size: 230

shared
		__initialization		CODE           	2148	0000	56
		_UART2         		SMALLCONST     	150D	0000	48
		_TU16A         		SMALLCONST     	1501	0000	12

shared estimated size: 116

mcc_generated_files/system/src/clock.c
		_CLOCK_Initialize		CODE           	226E	0000	34

mcc_generated_files/system/src/clock.c estimated size: 34

main.c
		_DS_Frame_Update		CODE           	1CBE	0000	192
		_main          		CODE           	2186	0000	58

main.c estimated size: 250

C:\Program Files\Microchip\xc8\v2.46\pic\sources\c99\common\Umul32.c
		___lmul        		CODE           	1F14	0000	106

C:\Program Files\Microchip\xc8\v2.46\pic\sources\c99\common\Umul32.c estimated size: 106

mcc_generated_files/uart/src/uart2.c
		_UART2_ParityErrorCallbackRegister		CODE           	2290	0000	28
		_UART2_IsTxReady		CODE           	221E	0000	42
		_UART2_Write   		CODE           	23D2	0000	8
		_UART2_FramingErrorCallbackRegister		CODE           	22C8	0000	28
		_UART2_OverrunErrorCallbackRegister		CODE           	22AC	0000	28
		_UART2_Initialize		CODE           	1F7E	0000	104
		_UART2_IsTxDone		CODE           	234A	0000	22

mcc_generated_files/uart/src/uart2.c estimated size: 260

C:\Program Files\Microchip\xc8\v2.46\pic\sources\c99\common\sqrtf.c
		_sqrtf         		CODE           	153E	0000	990

C:\Program Files\Microchip\xc8\v2.46\pic\sources\c99\common\sqrtf.c estimated size: 990

mcc_generated_files/system/src/system.c
		_SYSTEM_Initialize		CODE           	21F4	0000	42

mcc_generated_files/system/src/system.c estimated size: 42

mcc_generated_files/timer/src/tu16a.c
		_TU16A_InterruptHandlerSet		CODE           	23A0	0000	10
		_TU16A_CaptureMatchInterruptHandlerSet		CODE           	23AA	0000	10
		_TU16A_ISR     		CODE           	1FE6	0000	104
		_TU16A_DefaultInterruptHandler		CODE           	23E8	0000	2
		_TU16A_Initialize		CODE           	20F8	0000	80
		_TU16A_CaptureMatchDefaultInterruptHandler		CODE           	23EA	0000	2

mcc_generated_files/timer/src/tu16a.c estimated size: 208

