Microchip MPLAB XC8 Compiler V2.46

Linker command line:

-W-3 \
  --edf=C:\Program Files\Microchip\xc8\v2.46\pic\dat\20240104201356_en.msgs \
  -pivt0x8=08h -cn -h+dist/default/production\Q71_ECG_V2.X.production.sym \
  --cmf=dist/default/production\Q71_ECG_V2.X.production.cmf -z -Q18F56Q71 \
  -oC:\Users\c52467\AppData\Local\Temp\xcAsrng.\driver_tmp_3.o \
  --defsym=__MPLAB_BUILD=1 --fixupoverflow=error \
  -Mdist/default/production/Q71_ECG_V2.X.production.map \
  --md=C:\Users\c52467\AppData\Local\Temp\xcAsrng.\driver_tmp_0.dat -E1 \
  -ver=XC8 Compiler --acfsm=1493 -ACODE=00h-0FFFFh -ACONST=00h-0FFFFh \
  -ASMALLCONST=01500h-015FFhx235 -AMEDIUMCONST=01500h-0FFFFh \
  -ACOMRAM=0501h-055Fh -AABS1=0500h-014FFh -ABIGRAM=0501h-014FFh \
  -ARAM=0560h-05FFh,0600h-06FFhx15 -ABANK5=0560h-05FFh -ABANK6=0600h-06FFh \
  -ABANK7=0700h-07FFh -ABANK8=0800h-08FFh -ABANK9=0900h-09FFh \
  -ABANK10=0A00h-0AFFh -ABANK11=0B00h-0BFFh -ABANK12=0C00h-0CFFh \
  -ABANK13=0D00h-0DFFh -ABANK14=0E00h-0EFFh -ABANK15=0F00h-0FFFh \
  -ABANK16=01000h-010FFh -ABANK17=01100h-011FFh -ABANK18=01200h-012FFh \
  -ABANK19=01300h-013FFh -ABANK20=01400h-014FFh \
  -ASFR=00h-0FFhx4,0400h-045Fh,0460h-04FFh,01500h-015FFh \
  -ABIGSFR=00h-04FFh,01500h-015FFh -ACONFIG=0300000h-030000Bh \
  -AIDLOC=0200000h-020003Fh -AEEDATA=0380000h-03800FFh -peeprom_data=EEDATA \
  -preset_vec=00h -ppowerup=CODE,init -pramtop=01500h \
  -psmallconst=SMALLCONST -pmediumconst=MEDIUMCONST -pconst=CONST \
  -AFARRAM=00h-00h \
  -prdata=COMRAM,nvrram=COMRAM,nvbit=COMRAM,rbss=COMRAM,rbit=COMRAM \
  -pfarbss=FARRAM,fardata=FARRAM,nvFARRAM=FARRAM \
  -pintsave_regs=BIGRAM,bigbss=BIGRAM,bigdata=BIGRAM -pbss=RAM \
  -pidata=CODE,irdata=CODE,ibigdata=CODE,ifardata=CODE -prparam=COMRAM \
  C:\Users\c52467\AppData\Local\Temp\xcAsrng.\driver_tmp_9.o \
  dist/default/production\Q71_ECG_V2.X.production.o 

Object code version is 3.11

Machine type is 18F56Q71



                Name                               Link     Load   Length Selector   Space Scale
C:\Users\c52467\AppData\Local\Temp\xcAsrng.\driver_tmp_9.o
                config                           300000   300000        B        0       4
                init                                 1A       1A        4        4       0
                reset_vec                             0        0        4        0       0
dist/default/production\Q71_ECG_V2.X.production.o
                config                           300000   300000        B        0       4
                smallconst                         1500     1500       3E      A80       0
                ivt0x8                                8        8       12        4       0
                text50                             2FA8     2FA8       12      A9F       0
                text49                             2E82     2E82       20      A9F       0
                text48                             1D94     1D94      39A      A9F       0
                text47                             196A     196A      42A      A9F       0
                text46                             25A2     25A2      106      A9F       0
                text45                             22E6     22E6      1B4      A9F       0
                text44                             26A8     26A8       FA      A9F       0
                text43                             302C     302C        2      A9F       0
                text42                             2C4A     2C4A       54      A9F       0
                text41                             302A     302A        2      A9F       0
                text40                             3028     3028        2      A9F       0
                text39                             2B88     2B88       6C      A9F       0
                text38                             2BF4     2BF4       56      A9F       0
                text37                             2F36     2F36       1C      A9F       0
                text36                             2F1A     2F1A       1C      A9F       0
                text35                             2F80     2F80       16      A9F       0
                text34                             3022     3022        6      A9F       0
                text33                             3018     3018        A      A9F       0
                text32                             300E     300E        A      A9F       0
                text31                             153E     153E      42C      A9F       0
                text30                             249A     249A      108      A9F       0
                text29                             2E38     2E38       28      A9F       0
                text28                             212E     212E      1B8      A9F       0
                text27                             27A2     27A2       EE      A9F       0
                text26                             2DB6     2DB6       30      A9F       0
                text25                             3004     3004        A      A9F       0
                text24                             2AA0     2AA0       78      A9F       0
                text23                             2F6A     2F6A       16      A9F       0
                text22                             2A16     2A16       8A      A9F       0
                text21                             2976     2976       A0      A9F       0
                text20                             2E60     2E60       22      A9F       0
                text19                             2EFC     2EFC       1E      A9F       0
                text18                             2E10     2E10       28      A9F       0
                text17                             2FC6     2FC6        C      A9F       0
                text16                             2FBA     2FBA        C      A9F       0
                text15                             2F96     2F96       12      A9F       0
                text14                             2F52     2F52       18      A9F       0
                text13                             2FFA     2FFA        A      A9F       0
                text12                             2FF0     2FF0        A      A9F       0
                text11                             2FE6     2FE6        A      A9F       0
                text10                             2D7C     2D7C       3A      A9F       0
                text9                              2890     2890       E6      A9F       0
                text8                              2FDC     2FDC        A      A9F       0
                text7                              2FD2     2FD2        A      A9F       0
                text6                              2CEE     2CEE       50      A9F       0
                text5                              2EDE     2EDE       1E      A9F       0
                text4                              2EC0     2EC0       1E      A9F       0
                text3                              2EA2     2EA2       1E      A9F       0
                text2                              2B18     2B18       70      A9F       0
                text1                              2DE6     2DE6       2A      A9F       0
                text0                              2C9E     2C9E       50      A9F       0
                cstackCOMRAM                        501      501       55      501       1
                cstackBANK5                         560      560       31      560       1
                bssBANK5                            591      591       27      560       1
                dataCOMRAM                          55E      55E        1      501       1
                bssCOMRAM                           556      556        8      501       1
                cinit                              2D3E     2D3E       3E      A9F       0
                idataCOMRAM                        302E     302E        1      A9F       0

TOTAL           Name                               Link     Load   Length     Space
        CLASS   CODE           
                init                                 1A       1A        4         0
                reset_vec                             0        0        4         0
                ivt0x8                                8        8       12         0
                text50                             2FA8     2FA8       12         0
                text49                             2E82     2E82       20         0
                text48                             1D94     1D94      39A         0
                text47                             196A     196A      42A         0
                text46                             25A2     25A2      106         0
                text45                             22E6     22E6      1B4         0
                text44                             26A8     26A8       FA         0
                text43                             302C     302C        2         0
                text42                             2C4A     2C4A       54         0
                text41                             302A     302A        2         0
                text40                             3028     3028        2         0
                text39                             2B88     2B88       6C         0
                text38                             2BF4     2BF4       56         0
                text37                             2F36     2F36       1C         0
                text36                             2F1A     2F1A       1C         0
                text35                             2F80     2F80       16         0
                text34                             3022     3022        6         0
                text33                             3018     3018        A         0
                text32                             300E     300E        A         0
                text31                             153E     153E      42C         0
                text30                             249A     249A      108         0
                text29                             2E38     2E38       28         0
                text28                             212E     212E      1B8         0
                text27                             27A2     27A2       EE         0
                text26                             2DB6     2DB6       30         0
                text25                             3004     3004        A         0
                text24                             2AA0     2AA0       78         0
                text23                             2F6A     2F6A       16         0
                text22                             2A16     2A16       8A         0
                text21                             2976     2976       A0         0
                text20                             2E60     2E60       22         0
                text19                             2EFC     2EFC       1E         0
                text18                             2E10     2E10       28         0
                text17                             2FC6     2FC6        C         0
                text16                             2FBA     2FBA        C         0
                text15                             2F96     2F96       12         0
                text14                             2F52     2F52       18         0
                text13                             2FFA     2FFA        A         0
                text12                             2FF0     2FF0        A         0
                text11                             2FE6     2FE6        A         0
                text10                             2D7C     2D7C       3A         0
                text9                              2890     2890       E6         0
                text8                              2FDC     2FDC        A         0
                text7                              2FD2     2FD2        A         0
                text6                              2CEE     2CEE       50         0
                text5                              2EDE     2EDE       1E         0
                text4                              2EC0     2EC0       1E         0
                text3                              2EA2     2EA2       1E         0
                text2                              2B18     2B18       70         0
                text1                              2DE6     2DE6       2A         0
                text0                              2C9E     2C9E       50         0
                cinit                              2D3E     2D3E       3E         0
                idataCOMRAM                        302E     302E        1         0

        CLASS   CONST          

        CLASS   SMALLCONST     
                smallconst                         1500     1500       3E         0

        CLASS   MEDIUMCONST    

        CLASS   COMRAM         
                cstackCOMRAM                        501      501       55         1
                dataCOMRAM                          55E      55E        1         1
                bssCOMRAM                           556      556        8         1

        CLASS   ABS1           

        CLASS   BIGRAM         

        CLASS   RAM            

        CLASS   BANK5          
                cstackBANK5                         560      560       31         1
                bssBANK5                            591      591       27         1

        CLASS   BANK6          

        CLASS   BANK7          

        CLASS   BANK8          

        CLASS   BANK9          

        CLASS   BANK10         

        CLASS   BANK11         

        CLASS   BANK12         

        CLASS   BANK13         

        CLASS   BANK14         

        CLASS   BANK15         

        CLASS   BANK16         

        CLASS   BANK17         

        CLASS   BANK18         

        CLASS   BANK19         

        CLASS   BANK20         

        CLASS   SFR            

        CLASS   BIGSFR         

        CLASS   CONFIG         
                config                           300000   300000        B         4

        CLASS   IDLOC          

        CLASS   EEDATA         

        CLASS   FARRAM         

        CLASS   HEAP           

        CLASS   STACK          



SEGMENTS        Name                           Load    Length   Top    Selector   Space  Class

                reset_vec                      000000  000004  000004         0       0  CODE    
                ivt0x8                         000008  000016  00001E         4       0  CODE    
                cstackCOMRAM                   000501  00005E  00055F       501       1  COMRAM  
                cstackBANK5                    000560  000058  0005B8       560       1  BANK5   
                smallconst                     001500  00003E  00153E       A80       0  SMALLCON
                text31                         00153E  001AF1  00302F       A9F       0  CODE    


UNUSED ADDRESS RANGES

        Name                Unused          Largest block    Delta
        BANK10           000A00-000AFF              100
        BANK11           000B00-000BFF              100
        BANK12           000C00-000CFF              100
        BANK13           000D00-000DFF              100
        BANK14           000E00-000EFF              100
        BANK15           000F00-000FFF              100
        BANK16           001000-0010FF              100
        BANK17           001100-0011FF              100
        BANK18           001200-0012FF              100
        BANK19           001300-0013FF              100
        BANK20           001400-0014FF              100
        BANK5            0005B8-0005FF               48
        BANK6            000600-0006FF              100
        BANK7            000700-0007FF              100
        BANK8            000800-0008FF              100
        BANK9            000900-0009FF              100
        BIGRAM           00055F-00055F                1
                         0005B8-0014FF              F48
        BIGSFR           000000-0004FF              500
                         001500-0015FF              100
        CODE             000004-000007                4
                         00001E-0014FF             14E2
                         00302F-00FFFF             CFD1
        COMRAM           00055F-00055F                1
        CONFIG           30000B-30000B                1
        CONST            000004-000007                4
                         00001E-0014FF             14E2
                         00302F-00FFFF             CFD1
        EEDATA           380000-3800FF              100
        IDLOC            200000-20003F               40
        MEDIUMCONST      00302F-00FFFF             CFD1
        RAM              0005B8-0014FF              100
        SFR              000000-0004FF              100
                         001500-0015FF              100
        SMALLCONST       00302F-00FFFF              100

                                  Symbol Table

?_ADC_GetConversionResult                              cstackBANK5  000560
?_ADC_GetErrorCalculation                              cstackBANK5  000560
?_TU16A_CaptureValueRead                               cstackCOMRAM 000501
?_TU16A_OnCommandCapture                               cstackCOMRAM 000505
?___fldiv                                              cstackCOMRAM 000528
?___flmul                                              cstackBANK5  00056E
?___fltol                                              cstackBANK5  000587
?___wmul                                               cstackBANK5  000560
?___xxtofl                                             cstackBANK5  000560
?i2___flmul                                            cstackCOMRAM 00050F
?i2___fltol                                            cstackCOMRAM 000541
?i2___xxtofl                                           cstackCOMRAM 000501
CMP1_InterruptCallbackRegister@callbackHandler         cstackBANK5  000560
DAC2_SetOutput@inputData                               cstackBANK5  000560
DAC3_SetOutput@inputData                               cstackBANK5  000560
DataStreamer_FrameSend@dp                              cstackBANK5  00056A
DataStreamer_FrameSend@length                          cstackBANK5  000566
DataStreamer_FrameSend@package                         cstackBANK5  000564
DataStreamer_PackageSet@customStructHandler            cstackBANK5  000560
DataStreamer_PackageSet@customlength                   cstackBANK5  000562
DataStreamer_VariableWrite@var                         cstackBANK5  000563
GetHeartRate@timeLast                                  bssCOMRAM    000556
GetHeartRate@timeNow                                   cstackCOMRAM 000551
INT0_SetInterruptHandler@InterruptHandler              cstackBANK5  000560
INT1_SetInterruptHandler@InterruptHandler              cstackBANK5  000560
INT2_SetInterruptHandler@InterruptHandler              cstackBANK5  000560
IVTBASEH                                               (abs)        00045E
IVTBASEL                                               (abs)        00045D
IVTBASEU                                               (abs)        00045F
TU16A_CaptureMatchInterruptHandlerSet@InterruptHandler cstackBANK5  000560
TU16A_InterruptHandlerSet@InterruptHandler             cstackBANK5  000560
UART2_FramingErrorCallbackRegister@callbackHandler     cstackBANK5  000560
UART2_OverrunErrorCallbackRegister@callbackHandler     cstackBANK5  000560
UART2_ParityErrorCallbackRegister@callbackHandler      cstackBANK5  000560
UART2_Write@txData                                     cstackBANK5  000560
_ACTCON                                                (abs)        0000AC
_ADACCH                                                (abs)        0003E4
_ADACCL                                                (abs)        0003E3
_ADACCU                                                (abs)        0003E5
_ADACQH                                                (abs)        0003EF
_ADACQL                                                (abs)        0003EE
_ADACT                                                 (abs)        0003F9
_ADCAP                                                 (abs)        0003F0
_ADCGA                                                 (abs)        000110
_ADCGB                                                 (abs)        000111
_ADCGC                                                 (abs)        000112
_ADCGD                                                 (abs)        000113
_ADCGE                                                 (abs)        000114
_ADCLK                                                 (abs)        0003FA
_ADCNT                                                 (abs)        0003E6
_ADCON0                                                (abs)        0003F3
_ADCON0bits                                            (abs)        0003F3
_ADCON1                                                (abs)        0003F4
_ADCON1bits                                            (abs)        0003F4
_ADCON2                                                (abs)        0003F5
_ADCON2bits                                            (abs)        0003F5
_ADCON3                                                (abs)        0003F6
_ADCON3bits                                            (abs)        0003F6
_ADCSEL1                                               (abs)        0003FC
_ADCSEL1bits                                           (abs)        0003FC
_ADCTX                                                 (abs)        0003FB
_ADC_GetConversionResult                               text37       002F36
_ADC_GetErrorCalculation                               text36       002F1A
_ADC_Initialize                                        text21       002976
_ADC_IsConversionDone                                  text35       002F80
_ADC_StartConversion                                   text34       003022
_ADERRH                                                (abs)        0003DE
_ADERRL                                                (abs)        0003DD
_ADFLTRH                                               (abs)        0003E2
_ADFLTRL                                               (abs)        0003E1
_ADLTHH                                                (abs)        0003DA
_ADLTHL                                                (abs)        0003D9
_ADNCH                                                 (abs)        0003ED
_ADPCH                                                 (abs)        0003EC
_ADPREH                                                (abs)        0003F2
_ADPREL                                                (abs)        0003F1
_ADPREVH                                               (abs)        0003E9
_ADPREVL                                               (abs)        0003E8
_ADREF                                                 (abs)        0003F8
_ADRESH                                                (abs)        0003EB
_ADRESL                                                (abs)        0003EA
_ADRPT                                                 (abs)        0003E7
_ADSTAT                                                (abs)        0003F7
_ADSTATbits                                            (abs)        0003F7
_ADSTPTH                                               (abs)        0003E0
_ADSTPTL                                               (abs)        0003DF
_ADUTHH                                                (abs)        0003DC
_ADUTHL                                                (abs)        0003DB
_ANSELA                                                (abs)        000400
_ANSELB                                                (abs)        000408
_ANSELC                                                (abs)        000410
_ANSELD                                                (abs)        000418
_ANSELE                                                (abs)        000420
_ANSELF                                                (abs)        000428
_CLOCK_Initialize                                      text20       002E60
_CM1CON0                                               (abs)        000070
_CM1CON0bits                                           (abs)        000070
_CM1CON1                                               (abs)        000071
_CM1NCH                                                (abs)        000072
_CM1PCH                                                (abs)        000073
_CMP1_DefaultInterruptCallback                         text43       00302C
_CMP1_ISR                                              text42       002C4A
_CMP1_Initialize                                       text18       002E10
_CMP1_InterruptCallbackRegister                        text19       002EFC
_CMP1_InterruptHandler                                 bssCOMRAM    00055A
_DAC2CON                                               (abs)        0000C2
_DAC2DATL                                              (abs)        0000C0
_DAC2_Initialize                                       text17       002FC6
_DAC2_SetOutput                                        text33       003018
_DAC3CON                                               (abs)        0000C5
_DAC3DATL                                              (abs)        0000C3
_DAC3_Initialize                                       text16       002FBA
_DAC3_SetOutput                                        text32       00300E
_DATA_STREAMER_PACKAGE                                 bssBANK5     000591
_DS_Frame_Update                                       text27       0027A2
_DataStreamer                                          bssBANK5     0005AC
_DataStreamer_FrameSend                                text22       002A16
_DataStreamer_Initialize                               text14       002F52
_DataStreamer_PackageSet                               text15       002F96
_DataStreamer_VariableWrite                            text24       002AA0
_FSCMCON                                               (abs)        000458
_GetHeartRate                                          text44       0026A8
_GetHeartRate$3417                                     cstackCOMRAM 00054D
_INLVLA                                                (abs)        000404
_INLVLB                                                (abs)        00040C
_INLVLC                                                (abs)        000414
_INLVLD                                                (abs)        00041C
_INLVLE                                                (abs)        000424
_INLVLF                                                (abs)        00042C
_INT0_DefaultInterruptHandler                          (abs)        000000
_INT0_InterruptHandler                                 bssBANK5     0005A9
_INT0_SetInterruptHandler                              text13       002FFA
_INT1_DefaultInterruptHandler                          (abs)        000000
_INT1_InterruptHandler                                 bssBANK5     0005A7
_INT1_SetInterruptHandler                              text12       002FF0
_INT2_DefaultInterruptHandler                          (abs)        000000
_INT2_InterruptHandler                                 bssBANK5     0005A5
_INT2_SetInterruptHandler                              text11       002FE6
_INTCON0bits                                           (abs)        0004D6
_INTERRUPT_Initialize                                  text10       002D7C
_INTERRUPT_InterruptManager                            text38       002BF4
_IOCAF                                                 (abs)        000407
_IOCAN                                                 (abs)        000406
_IOCAP                                                 (abs)        000405
_IOCBF                                                 (abs)        00040F
_IOCBN                                                 (abs)        00040E
_IOCBP                                                 (abs)        00040D
_IOCCF                                                 (abs)        000417
_IOCCN                                                 (abs)        000416
_IOCCP                                                 (abs)        000415
_IOCEF                                                 (abs)        000427
_IOCEN                                                 (abs)        000426
_IOCEP                                                 (abs)        000425
_IOCWF                                                 (abs)        00043F
_IOCWN                                                 (abs)        00043E
_IOCWP                                                 (abs)        00043D
_LATA                                                  (abs)        000140
_LATB                                                  (abs)        000141
_LATC                                                  (abs)        000142
_LATCbits                                              (abs)        000142
_LATD                                                  (abs)        000143
_LATE                                                  (abs)        000144
_LATF                                                  (abs)        000145
_ODCONA                                                (abs)        000402
_ODCONB                                                (abs)        00040A
_ODCONC                                                (abs)        000412
_ODCOND                                                (abs)        00041A
_ODCONE                                                (abs)        000422
_ODCONF                                                (abs)        00042A
_OSCCON1                                               (abs)        0000AD
_OSCCON3                                               (abs)        0000AF
_OSCEN                                                 (abs)        0000B3
_OSCFRQ                                                (abs)        0000B1
_OSCTUNE                                               (abs)        0000B0
_PIE1bits                                              (abs)        0004A8
_PIE5bits                                              (abs)        0004AC
_PIN_MANAGER_Initialize                                text9        002890
_PIR10bits                                             (abs)        0004BC
_PIR1bits                                              (abs)        0004B3
_PIR5bits                                              (abs)        0004B7
_PIR6bits                                              (abs)        0004B8
_RB1I2C                                                (abs)        000286
_RB2I2C                                                (abs)        000285
_RB4PPS                                                (abs)        00020D
_RC3I2C                                                (abs)        000288
_RC4I2C                                                (abs)        000287
_SEND_FRAME                                            bssBANK5     0005AB
_SLRCONA                                               (abs)        000403
_SLRCONB                                               (abs)        00040B
_SLRCONC                                               (abs)        000413
_SLRCOND                                               (abs)        00041B
_SLRCONE                                               (abs)        000423
_SLRCONF                                               (abs)        00042B
_SYSTEM_Initialize                                     text1        002DE6
_TRISA                                                 (abs)        000148
_TRISB                                                 (abs)        000149
_TRISC                                                 (abs)        00014A
_TRISD                                                 (abs)        00014B
_TRISE                                                 (abs)        00014C
_TRISF                                                 (abs)        00014D
_TU16A                                                 smallconst   001501
_TU16ACLK                                              (abs)        0003A8
_TU16ACON0                                             (abs)        0003A0
_TU16ACON0bits                                         (abs)        0003A0
_TU16ACON1                                             (abs)        0003A1
_TU16ACON1bits                                         (abs)        0003A1
_TU16ACRHbits                                          (abs)        0003A5
_TU16ACRLbits                                          (abs)        0003A4
_TU16AERS                                              (abs)        0003A9
_TU16AHLT                                              (abs)        0003A2
_TU16APRH                                              (abs)        0003A7
_TU16APRHbits                                          (abs)        0003A7
_TU16APRL                                              (abs)        0003A6
_TU16APRLbits                                          (abs)        0003A6
_TU16APS                                               (abs)        0003A3
_TU16ATMRH                                             (abs)        0003A5
_TU16ATMRHbits                                         (abs)        0003A5
_TU16ATMRL                                             (abs)        0003A4
_TU16ATMRLbits                                         (abs)        0003A4
_TU16A_CaptureMatchDefaultInterruptHandler             text41       00302A
_TU16A_CaptureMatchInterruptHandler                    bssBANK5     00059F
_TU16A_CaptureMatchInterruptHandlerSet                 text8        002FDC
_TU16A_CaptureValueRead                                text50       002FA8
_TU16A_DefaultInterruptHandler                         text40       003028
_TU16A_ISR                                             text39       002B88
_TU16A_Initialize                                      text6        002CEE
_TU16A_InterruptHandler                                bssBANK5     0005A3
_TU16A_InterruptHandlerSet                             text7        002FD2
_TU16A_OnCommandCapture                                text49       002E82
_TU16A_PRMatchInterruptHandler                         bssCOMRAM    000558
_TU16A_Start                                           (abs)        000000
_TU16A_Stop                                            (abs)        000000
_TU16A_Write                                           (abs)        000000
_TU16A_ZeroMatchInterruptHandler                       bssBANK5     0005A1
_U2BRGH                                                (abs)        0002C2
_U2BRGL                                                (abs)        0002C1
_U2CON0                                                (abs)        0002BE
_U2CON0bits                                            (abs)        0002BE
_U2CON1                                                (abs)        0002BF
_U2CON1bits                                            (abs)        0002BF
_U2CON2                                                (abs)        0002C0
_U2ERRIE                                               (abs)        0002C6
_U2ERRIR                                               (abs)        0002C5
_U2ERRIRbits                                           (abs)        0002C5
_U2FIFO                                                (abs)        0002C3
_U2FIFObits                                            (abs)        0002C3
_U2P1L                                                 (abs)        0002B8
_U2P2L                                                 (abs)        0002BA
_U2P3L                                                 (abs)        0002BC
_U2RXB                                                 (abs)        0002B4
_U2RXPPS                                               (abs)        000274
_U2TXB                                                 (abs)        0002B6
_U2UIR                                                 (abs)        0002C4
_U2UIRbits                                             (abs)        0002C4
_UART2                                                 smallconst   00150D
_UART2_AutoBaudQuery                                   (abs)        000000
_UART2_AutoBaudSet                                     (abs)        000000
_UART2_DefaultFramingErrorCallback                     (abs)        000000
_UART2_DefaultOverrunErrorCallback                     (abs)        000000
_UART2_DefaultParityErrorCallback                      (abs)        000000
_UART2_Deinitialize                                    (abs)        000000
_UART2_ErrorGet                                        (abs)        000000
_UART2_FramingErrorCallbackRegister                    text5        002EDE
_UART2_FramingErrorHandler                             bssBANK5     00059B
_UART2_Initialize                                      text2        002B18
_UART2_IsRxReady                                       (abs)        000000
_UART2_IsTxDone                                        text23       002F6A
_UART2_IsTxReady                                       text26       002DB6
_UART2_IsTxReady$2429                                  cstackBANK5  000560
_UART2_OverrunErrorCallbackRegister                    text4        002EC0
_UART2_OverrunErrorHandler                             bssBANK5     000599
_UART2_ParityErrorCallbackRegister                     text3        002EA2
_UART2_ParityErrorHandler                              bssBANK5     000597
_UART2_Read                                            (abs)        000000
_UART2_TransmitDisable                                 (abs)        000000
_UART2_TransmitEnable                                  (abs)        000000
_UART2_Write                                           text25       003004
_WPUA                                                  (abs)        000401
_WPUB                                                  (abs)        000409
_WPUC                                                  (abs)        000411
_WPUD                                                  (abs)        000419
_WPUE                                                  (abs)        000421
_WPUF                                                  (abs)        000429
__HRAM                                                 (abs)        000000
__H__absolute__                                        __absolute__ 000000
__Habs1                                                abs1         000000
__Hbank10                                              bank10       000000
__Hbank11                                              bank11       000000
__Hbank12                                              bank12       000000
__Hbank13                                              bank13       000000
__Hbank14                                              bank14       000000
__Hbank15                                              bank15       000000
__Hbank16                                              bank16       000000
__Hbank17                                              bank17       000000
__Hbank18                                              bank18       000000
__Hbank19                                              bank19       000000
__Hbank20                                              bank20       000000
__Hbank5                                               bank5        000000
__Hbank6                                               bank6        000000
__Hbank7                                               bank7        000000
__Hbank8                                               bank8        000000
__Hbank9                                               bank9        000000
__Hbigbss                                              bigbss       000000
__Hbigdata                                             bigdata      000000
__Hbigram                                              bigram       000000
__Hbigsfr                                              bigsfr       000000
__Hbss                                                 bss          000000
__HbssBANK5                                            bssBANK5     000000
__HbssCOMRAM                                           bssCOMRAM    000000
__Hcinit                                               cinit        000000
__Hclrtext                                             clrtext      000000
__Hcomram                                              comram       000000
__Hconfig                                              config       30000B
__Hconst                                               const        000000
__HcstackBANK5                                         cstackBANK5  000000
__HcstackCOMRAM                                        cstackCOMRAM 000000
__Hdata                                                data         000000
__HdataCOMRAM                                          dataCOMRAM   000000
__Heeprom_data                                         eeprom_data  000000
__Hfarbss                                              farbss       000000
__Hfardata                                             fardata      000000
__Hheap                                                heap         000000
__Hibigdata                                            ibigdata     000000
__Hidata                                               idata        000000
__HidataCOMRAM                                         idataCOMRAM  000000
__Hidloc                                               idloc        000000
__Hifardata                                            ifardata     000000
__Hinit                                                init         00001E
__Hintsave_regs                                        intsave_regs 000000
__Hirdata                                              irdata       000000
__Hivt0x8                                              ivt0x8       00001A
__Hmediumconst                                         mediumconst  000000
__HnvFARRAM                                            nvFARRAM     000000
__Hnvbit                                               nvbit        000000
__Hnvrram                                              nvrram       000000
__Hparam                                               rparam       000000
__Hpowerup                                             powerup      000000
__Hram                                                 ram          000000
__Hramtop                                              ramtop       001500
__Hrbit                                                rbit         000000
__Hrbss                                                rbss         000000
__Hrdata                                               rdata        000000
__Hreset_vec                                           reset_vec    000004
__Hrparam                                              rparam       000000
__Hsfr                                                 sfr          000000
__Hsmallconst                                          smallconst   00153E
__Hspace_0                                             (abs)        00302F
__Hspace_1                                             (abs)        0005B8
__Hspace_2                                             (abs)        000000
__Hspace_4                                             (abs)        60000B
__Hstack                                               stack        000000
__Hstruct                                              struct       000000
__Htemp                                                temp         000000
__Htext                                                text         000000
__Htext0                                               text0        000000
__Htext1                                               text1        000000
__Htext10                                              text10       000000
__Htext11                                              text11       000000
__Htext12                                              text12       000000
__Htext13                                              text13       000000
__Htext14                                              text14       000000
__Htext15                                              text15       000000
__Htext16                                              text16       000000
__Htext17                                              text17       000000
__Htext18                                              text18       000000
__Htext19                                              text19       000000
__Htext2                                               text2        000000
__Htext20                                              text20       000000
__Htext21                                              text21       000000
__Htext22                                              text22       000000
__Htext23                                              text23       000000
__Htext24                                              text24       000000
__Htext25                                              text25       000000
__Htext26                                              text26       000000
__Htext27                                              text27       000000
__Htext28                                              text28       000000
__Htext29                                              text29       000000
__Htext3                                               text3        000000
__Htext30                                              text30       000000
__Htext31                                              text31       000000
__Htext32                                              text32       000000
__Htext33                                              text33       000000
__Htext34                                              text34       000000
__Htext35                                              text35       000000
__Htext36                                              text36       000000
__Htext37                                              text37       000000
__Htext38                                              text38       000000
__Htext39                                              text39       000000
__Htext4                                               text4        000000
__Htext40                                              text40       000000
__Htext41                                              text41       000000
__Htext42                                              text42       000000
__Htext43                                              text43       000000
__Htext44                                              text44       000000
__Htext45                                              text45       000000
__Htext46                                              text46       000000
__Htext47                                              text47       000000
__Htext48                                              text48       000000
__Htext49                                              text49       000000
__Htext5                                               text5        000000
__Htext50                                              text50       000000
__Htext6                                               text6        000000
__Htext7                                               text7        000000
__Htext8                                               text8        000000
__Htext9                                               text9        000000
__LRAM                                                 (abs)        000001
__L__absolute__                                        __absolute__ 000000
__Labs1                                                abs1         000000
__Lbank10                                              bank10       000000
__Lbank11                                              bank11       000000
__Lbank12                                              bank12       000000
__Lbank13                                              bank13       000000
__Lbank14                                              bank14       000000
__Lbank15                                              bank15       000000
__Lbank16                                              bank16       000000
__Lbank17                                              bank17       000000
__Lbank18                                              bank18       000000
__Lbank19                                              bank19       000000
__Lbank20                                              bank20       000000
__Lbank5                                               bank5        000000
__Lbank6                                               bank6        000000
__Lbank7                                               bank7        000000
__Lbank8                                               bank8        000000
__Lbank9                                               bank9        000000
__Lbigbss                                              bigbss       000000
__Lbigdata                                             bigdata      000000
__Lbigram                                              bigram       000000
__Lbigsfr                                              bigsfr       000000
__Lbss                                                 bss          000000
__LbssBANK5                                            bssBANK5     000000
__LbssCOMRAM                                           bssCOMRAM    000000
__Lcinit                                               cinit        000000
__Lclrtext                                             clrtext      000000
__Lcomram                                              comram       000000
__Lconfig                                              config       000000
__Lconst                                               const        000000
__LcstackBANK5                                         cstackBANK5  000000
__LcstackCOMRAM                                        cstackCOMRAM 000000
__Ldata                                                data         000000
__LdataCOMRAM                                          dataCOMRAM   000000
__Leeprom_data                                         eeprom_data  000000
__Lfarbss                                              farbss       000000
__Lfardata                                             fardata      000000
__Lheap                                                heap         000000
__Libigdata                                            ibigdata     000000
__Lidata                                               idata        000000
__LidataCOMRAM                                         idataCOMRAM  000000
__Lidloc                                               idloc        000000
__Lifardata                                            ifardata     000000
__Linit                                                init         00001A
__Lintsave_regs                                        intsave_regs 000000
__Lirdata                                              irdata       000000
__Livt0x8                                              ivt0x8       000008
__Lmediumconst                                         mediumconst  000000
__LnvFARRAM                                            nvFARRAM     000000
__Lnvbit                                               nvbit        000000
__Lnvrram                                              nvrram       000000
__Lparam                                               rparam       000000
__Lpowerup                                             powerup      000000
__Lram                                                 ram          000000
__Lramtop                                              ramtop       001500
__Lrbit                                                rbit         000000
__Lrbss                                                rbss         000000
__Lrdata                                               rdata        000000
__Lreset_vec                                           reset_vec    000000
__Lrparam                                              rparam       000000
__Lsfr                                                 sfr          000000
__Lsmallconst                                          smallconst   001500
__Lspace_0                                             (abs)        000000
__Lspace_1                                             (abs)        000000
__Lspace_2                                             (abs)        000000
__Lspace_4                                             (abs)        000000
__Lstack                                               stack        000000
__Lstruct                                              struct       000000
__Ltemp                                                temp         000000
__Ltext                                                text         000000
__Ltext0                                               text0        000000
__Ltext1                                               text1        000000
__Ltext10                                              text10       000000
__Ltext11                                              text11       000000
__Ltext12                                              text12       000000
__Ltext13                                              text13       000000
__Ltext14                                              text14       000000
__Ltext15                                              text15       000000
__Ltext16                                              text16       000000
__Ltext17                                              text17       000000
__Ltext18                                              text18       000000
__Ltext19                                              text19       000000
__Ltext2                                               text2        000000
__Ltext20                                              text20       000000
__Ltext21                                              text21       000000
__Ltext22                                              text22       000000
__Ltext23                                              text23       000000
__Ltext24                                              text24       000000
__Ltext25                                              text25       000000
__Ltext26                                              text26       000000
__Ltext27                                              text27       000000
__Ltext28                                              text28       000000
__Ltext29                                              text29       000000
__Ltext3                                               text3        000000
__Ltext30                                              text30       000000
__Ltext31                                              text31       000000
__Ltext32                                              text32       000000
__Ltext33                                              text33       000000
__Ltext34                                              text34       000000
__Ltext35                                              text35       000000
__Ltext36                                              text36       000000
__Ltext37                                              text37       000000
__Ltext38                                              text38       000000
__Ltext39                                              text39       000000
__Ltext4                                               text4        000000
__Ltext40                                              text40       000000
__Ltext41                                              text41       000000
__Ltext42                                              text42       000000
__Ltext43                                              text43       000000
__Ltext44                                              text44       000000
__Ltext45                                              text45       000000
__Ltext46                                              text46       000000
__Ltext47                                              text47       000000
__Ltext48                                              text48       000000
__Ltext49                                              text49       000000
__Ltext5                                               text5        000000
__Ltext50                                              text50       000000
__Ltext6                                               text6        000000
__Ltext7                                               text7        000000
__Ltext8                                               text8        000000
__Ltext9                                               text9        000000
__S0                                                   (abs)        00302F
__S1                                                   (abs)        0005B8
__S4                                                   (abs)        000000
__S5                                                   (abs)        000000
___fldiv                                               text48       001D94
___fldiv@a                                             cstackCOMRAM 00052C
___fldiv@aexp                                          cstackCOMRAM 000540
___fldiv@b                                             cstackCOMRAM 000528
___fldiv@bexp                                          cstackCOMRAM 00053F
___fldiv@grs                                           cstackCOMRAM 00053B
___fldiv@new_exp                                       cstackCOMRAM 000539
___fldiv@rem                                           cstackCOMRAM 000534
___fldiv@sign                                          cstackCOMRAM 000538
___flmul                                               text31       00153E
___flmul@a                                             cstackBANK5  000572
___flmul@aexp                                          cstackBANK5  00057F
___flmul@b                                             cstackBANK5  00056E
___flmul@bexp                                          cstackBANK5  000580
___flmul@grs                                           cstackBANK5  00057B
___flmul@prod                                          cstackBANK5  000581
___flmul@sign                                          cstackBANK5  00057A
___flmul@temp                                          cstackBANK5  000585
___fltol                                               text30       00249A
___fltol@exp1                                          cstackBANK5  000590
___fltol@f1                                            cstackBANK5  000587
___fltol@sign1                                         cstackBANK5  00058F
___heap_hi                                             (abs)        000000
___heap_lo                                             (abs)        000000
___inthi_sp                                            stack        000000
___inthi_stack_hi                                      stack        000000
___inthi_stack_lo                                      stack        000000
___intlo_sp                                            stack        000000
___intlo_stack_hi                                      stack        000000
___intlo_stack_lo                                      stack        000000
___param_bank                                          (abs)        000000
___rparam_used                                         (abs)        000001
___sp                                                  stack        000000
___stack_hi                                            stack        000000
___stack_lo                                            stack        000000
___wmul                                                text29       002E38
___wmul@multiplicand                                   cstackBANK5  000562
___wmul@multiplier                                     cstackBANK5  000560
___wmul@product                                        cstackBANK5  000564
___xxtofl                                              text28       00212E
___xxtofl@arg                                          cstackBANK5  00056A
___xxtofl@exp                                          cstackBANK5  000569
___xxtofl@sign                                         cstackBANK5  000568
___xxtofl@val                                          cstackBANK5  000560
__accesstop                                            (abs)        000560
__activetblptr                                         (abs)        000003
__end_of_ADC_GetConversionResult                       text37       002F52
__end_of_ADC_GetErrorCalculation                       text36       002F36
__end_of_ADC_Initialize                                text21       002A16
__end_of_ADC_IsConversionDone                          text35       002F96
__end_of_ADC_StartConversion                           text34       003028
__end_of_CLOCK_Initialize                              text20       002E82
__end_of_CMP1_DefaultInterruptCallback                 text43       00302E
__end_of_CMP1_ISR                                      text42       002C9E
__end_of_CMP1_Initialize                               text18       002E38
__end_of_CMP1_InterruptCallbackRegister                text19       002F1A
__end_of_DAC2_Initialize                               text17       002FD2
__end_of_DAC2_SetOutput                                text33       003022
__end_of_DAC3_Initialize                               text16       002FC6
__end_of_DAC3_SetOutput                                text32       003018
__end_of_DS_Frame_Update                               text27       002890
__end_of_DataStreamer_FrameSend                        text22       002AA0
__end_of_DataStreamer_Initialize                       text14       002F6A
__end_of_DataStreamer_PackageSet                       text15       002FA8
__end_of_DataStreamer_VariableWrite                    text24       002B18
__end_of_GetHeartRate                                  text44       0027A2
__end_of_INT0_SetInterruptHandler                      text13       003004
__end_of_INT1_SetInterruptHandler                      text12       002FFA
__end_of_INT2_SetInterruptHandler                      text11       002FF0
__end_of_INTERRUPT_Initialize                          text10       002DB6
__end_of_INTERRUPT_InterruptManager                    text38       002C4A
__end_of_PIN_MANAGER_Initialize                        text9        002976
__end_of_SYSTEM_Initialize                             text1        002E10
__end_of_TU16A                                         smallconst   00150D
__end_of_TU16A_CaptureMatchDefaultInterruptHandler     text41       00302C
__end_of_TU16A_CaptureMatchInterruptHandlerSet         text8        002FE6
__end_of_TU16A_CaptureValueRead                        text50       002FBA
__end_of_TU16A_DefaultInterruptHandler                 text40       00302A
__end_of_TU16A_ISR                                     text39       002BF4
__end_of_TU16A_Initialize                              text6        002D3E
__end_of_TU16A_InterruptHandlerSet                     text7        002FDC
__end_of_TU16A_OnCommandCapture                        text49       002EA2
__end_of_UART2                                         smallconst   00153D
__end_of_UART2_FramingErrorCallbackRegister            text5        002EFC
__end_of_UART2_Initialize                              text2        002B88
__end_of_UART2_IsTxDone                                text23       002F80
__end_of_UART2_IsTxReady                               text26       002DE6
__end_of_UART2_OverrunErrorCallbackRegister            text4        002EDE
__end_of_UART2_ParityErrorCallbackRegister             text3        002EC0
__end_of_UART2_Write                                   text25       00300E
__end_of___fldiv                                       text48       00212E
__end_of___flmul                                       text31       00196A
__end_of___fltol                                       text30       0025A2
__end_of___wmul                                        text29       002E60
__end_of___xxtofl                                      text28       0022E6
__end_of__initialization                               cinit        002D76
__end_of_main                                          text0        002CEE
__end_ofi2___flmul                                     text47       001D94
__end_ofi2___fltol                                     text46       0026A8
__end_ofi2___xxtofl                                    text45       00249A
__initialization                                       cinit        002D3E
__mediumconst                                          mediumconst  000000
__pbssBANK5                                            bssBANK5     000591
__pbssCOMRAM                                           bssCOMRAM    000556
__pcinit                                               cinit        002D3E
__pcstackBANK5                                         cstackBANK5  000560
__pcstackCOMRAM                                        cstackCOMRAM 000501
__pdataCOMRAM                                          dataCOMRAM   00055E
__pidataCOMRAM                                         idataCOMRAM  00302E
__pivt0x8                                              ivt0x8       000008
__psmallconst                                          smallconst   001500
__ptext0                                               text0        002C9E
__ptext1                                               text1        002DE6
__ptext10                                              text10       002D7C
__ptext11                                              text11       002FE6
__ptext12                                              text12       002FF0
__ptext13                                              text13       002FFA
__ptext14                                              text14       002F52
__ptext15                                              text15       002F96
__ptext16                                              text16       002FBA
__ptext17                                              text17       002FC6
__ptext18                                              text18       002E10
__ptext19                                              text19       002EFC
__ptext2                                               text2        002B18
__ptext20                                              text20       002E60
__ptext21                                              text21       002976
__ptext22                                              text22       002A16
__ptext23                                              text23       002F6A
__ptext24                                              text24       002AA0
__ptext25                                              text25       003004
__ptext26                                              text26       002DB6
__ptext27                                              text27       0027A2
__ptext28                                              text28       00212E
__ptext29                                              text29       002E38
__ptext3                                               text3        002EA2
__ptext30                                              text30       00249A
__ptext31                                              text31       00153E
__ptext32                                              text32       00300E
__ptext33                                              text33       003018
__ptext34                                              text34       003022
__ptext35                                              text35       002F80
__ptext36                                              text36       002F1A
__ptext37                                              text37       002F36
__ptext38                                              text38       002BF4
__ptext39                                              text39       002B88
__ptext4                                               text4        002EC0
__ptext40                                              text40       003028
__ptext41                                              text41       00302A
__ptext42                                              text42       002C4A
__ptext43                                              text43       00302C
__ptext44                                              text44       0026A8
__ptext45                                              text45       0022E6
__ptext46                                              text46       0025A2
__ptext47                                              text47       00196A
__ptext48                                              text48       001D94
__ptext49                                              text49       002E82
__ptext5                                               text5        002EDE
__ptext50                                              text50       002FA8
__ptext6                                               text6        002CEE
__ptext7                                               text7        002FD2
__ptext8                                               text8        002FDC
__ptext9                                               text9        002890
__ramtop                                               ramtop       001500
__smallconst                                           smallconst   001500
_heart_rate                                            bssBANK5     000595
_main                                                  text0        002C9E
_timeSpent                                             bssCOMRAM    00055C
_uart2RxLastError                                      bssBANK5     00059D
end_of_initialization                                  cinit        002D76
i2___flmul                                             text47       00196A
i2___flmul@a                                           cstackCOMRAM 000513
i2___flmul@aexp                                        cstackCOMRAM 000520
i2___flmul@b                                           cstackCOMRAM 00050F
i2___flmul@bexp                                        cstackCOMRAM 000521
i2___flmul@grs                                         cstackCOMRAM 00051C
i2___flmul@prod                                        cstackCOMRAM 000522
i2___flmul@sign                                        cstackCOMRAM 00051B
i2___flmul@temp                                        cstackCOMRAM 000526
i2___fltol                                             text46       0025A2
i2___fltol@exp1                                        cstackCOMRAM 00054A
i2___fltol@f1                                          cstackCOMRAM 000541
i2___fltol@sign1                                       cstackCOMRAM 000549
i2___xxtofl                                            text45       0022E6
i2___xxtofl@arg                                        cstackCOMRAM 00050B
i2___xxtofl@exp                                        cstackCOMRAM 00050A
i2___xxtofl@sign                                       cstackCOMRAM 000509
i2___xxtofl@val                                        cstackCOMRAM 000501
intlevel0                                              text         000000
intlevel1                                              text         000000
intlevel2                                              text         000000
intlevel3                                              text         000000
isa$std                                                (abs)        000001
isa$xinst                                              (abs)        000000
ivt0x8_base                                            ivt0x8       000008
stackhi                                                (abs)        000000
stacklo                                                (abs)        000000
start                                                  init         00001A
start_initialization                                   cinit        002D3E


MODULE INFORMATION

Module		Function		Class		Link	Load	Size
C:\Program Files\Microchip\xc8\v2.46\pic\sources\c99\common\fltol.c
		___fltol       		CODE           	249A	0000	264

C:\Program Files\Microchip\xc8\v2.46\pic\sources\c99\common\fltol.c estimated size: 264

mcc_generated_files/dac/src/dac2.c
		_DAC2_SetOutput		CODE           	3018	0000	10
		_DAC2_Initialize		CODE           	2FC6	0000	12

mcc_generated_files/dac/src/dac2.c estimated size: 22

mcc_generated_files/data_streamer/src/data_streamer.c
		_DataStreamer_PackageSet		CODE           	2F96	0000	18
		_DataStreamer_Initialize		CODE           	2F52	0000	24
		_DataStreamer_VariableWrite		CODE           	2AA0	0000	120
		_DataStreamer_FrameSend		CODE           	2A16	0000	138

mcc_generated_files/data_streamer/src/data_streamer.c estimated size: 300

C:\Program Files\Microchip\xc8\v2.46\pic\sources\c99\common\xxtofl.c
		___xxtofl      		CODE           	212E	0000	440

C:\Program Files\Microchip\xc8\v2.46\pic\sources\c99\common\xxtofl.c estimated size: 440

mcc_generated_files/system/src/interrupt.c
		_INT0_SetInterruptHandler		CODE           	2FFA	0000	10
		_INT1_SetInterruptHandler		CODE           	2FF0	0000	10
		_INT2_SetInterruptHandler		CODE           	2FE6	0000	10
		_INTERRUPT_Initialize		CODE           	2D7C	0000	58
		_INTERRUPT_InterruptManager		CODE           	2BF4	0000	86

mcc_generated_files/system/src/interrupt.c estimated size: 174

C:\Program Files\Microchip\xc8\v2.46\pic\sources\c99\common\sprcmul.c
		___flmul       		CODE           	153E	0000	1068

C:\Program Files\Microchip\xc8\v2.46\pic\sources\c99\common\sprcmul.c estimated size: 1068

mcc_generated_files/comparator/src/cmp1.c
		_CMP1_DefaultInterruptCallback		CODE           	302C	0000	2
		_CMP1_ISR      		CODE           	2C4A	0000	84
		_CMP1_Initialize		CODE           	2E10	0000	40
		_CMP1_InterruptCallbackRegister		CODE           	2EFC	0000	30

mcc_generated_files/comparator/src/cmp1.c estimated size: 156

C:\Program Files\Microchip\xc8\v2.46\pic\sources\c99\common\sprcdiv.c
		___fldiv       		CODE           	1D94	0000	922

C:\Program Files\Microchip\xc8\v2.46\pic\sources\c99\common\sprcdiv.c estimated size: 922

mcc_generated_files/adc/src/adc.c
		_ADC_Initialize		CODE           	2976	0000	160
		_ADC_IsConversionDone		CODE           	2F80	0000	22
		_ADC_GetConversionResult		CODE           	2F36	0000	28
		_ADC_StartConversion		CODE           	3022	0000	6
		_ADC_GetErrorCalculation		CODE           	2F1A	0000	28

mcc_generated_files/adc/src/adc.c estimated size: 244

mcc_generated_files/dac/src/dac3.c
		_DAC3_SetOutput		CODE           	300E	0000	10
		_DAC3_Initialize		CODE           	2FBA	0000	12

mcc_generated_files/dac/src/dac3.c estimated size: 22

mcc_generated_files/system/src/pins.c
		_PIN_MANAGER_Initialize		CODE           	2890	0000	230

mcc_generated_files/system/src/pins.c estimated size: 230

shared
		i2___fltol     		CODE           	25A2	0000	262
		__initialization		CODE           	2D3E	0000	56
		i2___flmul     		CODE           	196A	0000	1066
		i2___xxtofl    		CODE           	22E6	0000	436
		_UART2         		SMALLCONST     	150D	0000	48
		_TU16A         		SMALLCONST     	1501	0000	12

shared estimated size: 1880

C:\Program Files\Microchip\xc8\v2.46\pic\sources\c99\common\Umul16.c
		___wmul        		CODE           	2E38	0000	40

C:\Program Files\Microchip\xc8\v2.46\pic\sources\c99\common\Umul16.c estimated size: 40

mcc_generated_files/system/src/clock.c
		_CLOCK_Initialize		CODE           	2E60	0000	34

mcc_generated_files/system/src/clock.c estimated size: 34

main.c
		_DS_Frame_Update		CODE           	27A2	0000	238
		_main          		CODE           	2C9E	0000	80
		_GetHeartRate  		CODE           	26A8	0000	250

main.c estimated size: 568

mcc_generated_files/uart/src/uart2.c
		_UART2_ParityErrorCallbackRegister		CODE           	2EA2	0000	30
		_UART2_IsTxReady		CODE           	2DB6	0000	48
		_UART2_Write   		CODE           	3004	0000	10
		_UART2_FramingErrorCallbackRegister		CODE           	2EDE	0000	30
		_UART2_OverrunErrorCallbackRegister		CODE           	2EC0	0000	30
		_UART2_Initialize		CODE           	2B18	0000	112
		_UART2_IsTxDone		CODE           	2F6A	0000	22

mcc_generated_files/uart/src/uart2.c estimated size: 282

mcc_generated_files/system/src/system.c
		_SYSTEM_Initialize		CODE           	2DE6	0000	42

mcc_generated_files/system/src/system.c estimated size: 42

mcc_generated_files/timer/src/tu16a.c
		_TU16A_InterruptHandlerSet		CODE           	2FD2	0000	10
		_TU16A_CaptureValueRead		CODE           	2FA8	0000	18
		_TU16A_OnCommandCapture		CODE           	2E82	0000	32
		_TU16A_CaptureMatchInterruptHandlerSet		CODE           	2FDC	0000	10
		_TU16A_ISR     		CODE           	2B88	0000	108
		_TU16A_DefaultInterruptHandler		CODE           	3028	0000	2
		_TU16A_Initialize		CODE           	2CEE	0000	80
		_TU16A_CaptureMatchDefaultInterruptHandler		CODE           	302A	0000	2

mcc_generated_files/timer/src/tu16a.c estimated size: 262

